
> frontend@0.0.0 build
> tsc -b && vite build

src/App.tsx(1,8): error TS6133: 'React' is declared but its value is never read.
src/Dashboard.tsx(4,3): error TS6133: 'ChevronRight' is declared but its value is never read.
src/main.tsx(1,8): error TS6133: 'React' is declared but its value is never read.
